{"type":"server-started","port":63163,"host":"127.0.0.1","url_host":"localhost","url":"http://localhost:63163","screen_dir":"/Users/vivek/foody/.superpowers/brainstorm/9231-1780328389/content","state_dir":"/Users/vivek/foody/.superpowers/brainstorm/9231-1780328389/state"}
{"type":"screen-added","file":"/Users/vivek/foody/.superpowers/brainstorm/9231-1780328389/content/homepage-variants.html"}
{"type":"screen-added","file":"/Users/vivek/foody/.superpowers/brainstorm/9231-1780328389/content/color-palettes.html"}
{"type":"screen-added","file":"/Users/vivek/foody/.superpowers/brainstorm/9231-1780328389/content/palette-psychology.html"}
{"type":"screen-added","file":"/Users/vivek/foody/.superpowers/brainstorm/9231-1780328389/content/landing-layout.html"}
{"type":"screen-added","file":"/Users/vivek/foody/.superpowers/brainstorm/9231-1780328389/content/landing-v1.1.html"}
{"type":"screen-added","file":"/Users/vivek/foody/.superpowers/brainstorm/9231-1780328389/content/hero-backgrounds.html"}
{"type":"screen-added","file":"/Users/vivek/foody/.superpowers/brainstorm/9231-1780328389/content/hero-backgrounds-v2.html"}
{"type":"screen-added","file":"/Users/vivek/foody/.superpowers/brainstorm/9231-1780328389/content/hero-backgrounds-v3.html"}
{"type":"screen-added","file":"/Users/vivek/foody/.superpowers/brainstorm/9231-1780328389/content/search-interaction.html"}
{"type":"screen-added","file":"/Users/vivek/foody/.superpowers/brainstorm/9231-1780328389/content/search-location.html"}
{"type":"screen-updated","file":"/Users/vivek/foody/.superpowers/brainstorm/9231-1780328389/content/search-location.html"}
{"type":"screen-updated","file":"/Users/vivek/foody/.superpowers/brainstorm/9231-1780328389/content/search-location.html"}
{"type":"screen-updated","file":"/Users/vivek/foody/.superpowers/brainstorm/9231-1780328389/content/search-location.html"}
{"type":"screen-updated","file":"/Users/vivek/foody/.superpowers/brainstorm/9231-1780328389/content/search-location.html"}
{"type":"screen-updated","file":"/Users/vivek/foody/.superpowers/brainstorm/9231-1780328389/content/search-location.html"}
{"type":"screen-updated","file":"/Users/vivek/foody/.superpowers/brainstorm/9231-1780328389/content/search-location.html"}
{"type":"screen-updated","file":"/Users/vivek/foody/.superpowers/brainstorm/9231-1780328389/content/search-location.html"}
{"type":"screen-updated","file":"/Users/vivek/foody/.superpowers/brainstorm/9231-1780328389/content/search-location.html"}
{"type":"screen-updated","file":"/Users/vivek/foody/.superpowers/brainstorm/9231-1780328389/content/search-location.html"}
{"type":"screen-updated","file":"/Users/vivek/foody/.superpowers/brainstorm/9231-1780328389/content/search-location.html"}
{"type":"screen-updated","file":"/Users/vivek/foody/.superpowers/brainstorm/9231-1780328389/content/search-location.html"}
{"type":"screen-updated","file":"/Users/vivek/foody/.superpowers/brainstorm/9231-1780328389/content/search-location.html"}
{"type":"screen-updated","file":"/Users/vivek/foody/.superpowers/brainstorm/9231-1780328389/content/search-location.html"}
{"type":"screen-updated","file":"/Users/vivek/foody/.superpowers/brainstorm/9231-1780328389/content/search-location.html"}
{"type":"screen-updated","file":"/Users/vivek/foody/.superpowers/brainstorm/9231-1780328389/content/search-location.html"}
{"type":"screen-added","file":"/Users/vivek/foody/.superpowers/brainstorm/9231-1780328389/content/landing-v1.2.html"}
{"type":"screen-added","file":"/Users/vivek/foody/.superpowers/brainstorm/9231-1780328389/content/landing-v1.3.html"}
{"type":"server-stopped","reason":"idle timeout"}
